[2025-05-02T11:57:37.148+0000] {taskinstance.py:1125} INFO - Dependencies all met for dep_context=non-requeueable deps ti=<TaskInstance: extract.save_to_mysql manual__2025-05-02T11:57:18.232042+00:00 [queued]>
[2025-05-02T11:57:37.166+0000] {taskinstance.py:1125} INFO - Dependencies all met for dep_context=requeueable deps ti=<TaskInstance: extract.save_to_mysql manual__2025-05-02T11:57:18.232042+00:00 [queued]>
[2025-05-02T11:57:37.168+0000] {taskinstance.py:1331} INFO - Starting attempt 1 of 2
[2025-05-02T11:57:37.201+0000] {taskinstance.py:1350} INFO - Executing <Task(PythonOperator): save_to_mysql> on 2025-05-02 11:57:18.232042+00:00
[2025-05-02T11:57:37.221+0000] {standard_task_runner.py:57} INFO - Started process 381 to run task
[2025-05-02T11:57:37.225+0000] {standard_task_runner.py:84} INFO - Running: ['airflow', 'tasks', 'run', 'extract', 'save_to_mysql', 'manual__2025-05-02T11:57:18.232042+00:00', '--job-id', '6', '--raw', '--subdir', 'DAGS_FOLDER/extract.py', '--cfg-path', '/tmp/tmpkp58b8a7']
[2025-05-02T11:57:37.229+0000] {standard_task_runner.py:85} INFO - Job 6: Subtask save_to_mysql
[2025-05-02T11:57:37.361+0000] {task_command.py:410} INFO - Running <TaskInstance: extract.save_to_mysql manual__2025-05-02T11:57:18.232042+00:00 [running]> on host 5ef5254413d3
[2025-05-02T11:57:37.540+0000] {taskinstance.py:1570} INFO - Exporting env vars: AIRFLOW_CTX_DAG_OWNER='airflow' AIRFLOW_CTX_DAG_ID='extract' AIRFLOW_CTX_TASK_ID='save_to_mysql' AIRFLOW_CTX_EXECUTION_DATE='2025-05-02T11:57:18.232042+00:00' AIRFLOW_CTX_TRY_NUMBER='1' AIRFLOW_CTX_DAG_RUN_ID='manual__2025-05-02T11:57:18.232042+00:00'
[2025-05-02T11:57:37.586+0000] {taskinstance.py:1847} ERROR - Task failed with exception
Traceback (most recent call last):
  File "/home/airflow/.local/lib/python3.7/site-packages/pymysql/connections.py", line 650, in connect
    (self.host, self.port), self.connect_timeout, **kwargs
  File "/usr/local/lib/python3.7/socket.py", line 728, in create_connection
    raise err
  File "/usr/local/lib/python3.7/socket.py", line 716, in create_connection
    sock.connect(sa)
ConnectionRefusedError: [Errno 111] Connection refused

During handling of the above exception, another exception occurred:

Traceback (most recent call last):
  File "/home/airflow/.local/lib/python3.7/site-packages/airflow/operators/python.py", line 181, in execute
    return_value = self.execute_callable()
  File "/home/airflow/.local/lib/python3.7/site-packages/airflow/operators/python.py", line 198, in execute_callable
    return self.python_callable(*self.op_args, **self.op_kwargs)
  File "/opt/airflow/dags/extract.py", line 100, in save_to_mysql
    port=3306
  File "/home/airflow/.local/lib/python3.7/site-packages/pymysql/connections.py", line 361, in __init__
    self.connect()
  File "/home/airflow/.local/lib/python3.7/site-packages/pymysql/connections.py", line 716, in connect
    raise exc
pymysql.err.OperationalError: (2003, "Can't connect to MySQL server on 'localhost' ([Errno 111] Connection refused)")
[2025-05-02T11:57:37.609+0000] {taskinstance.py:1373} INFO - Marking task as UP_FOR_RETRY. dag_id=extract, task_id=save_to_mysql, execution_date=20250502T115718, start_date=20250502T115737, end_date=20250502T115737
[2025-05-02T11:57:37.638+0000] {standard_task_runner.py:109} ERROR - Failed to execute job 6 for task save_to_mysql ((2003, "Can't connect to MySQL server on 'localhost' ([Errno 111] Connection refused)"); 381)
[2025-05-02T11:57:37.681+0000] {local_task_job_runner.py:232} INFO - Task exited with return code 1
[2025-05-02T11:57:37.717+0000] {taskinstance.py:2674} INFO - 0 downstream tasks scheduled from follow-on schedule check
