[2025-05-02T11:57:37.168+0000] {taskinstance.py:1125} INFO - Dependencies all met for dep_context=non-requeueable deps ti=<TaskInstance: extract.save_to_mysql scheduled__2025-05-01T00:00:00+00:00 [queued]>
[2025-05-02T11:57:37.188+0000] {taskinstance.py:1125} INFO - Dependencies all met for dep_context=requeueable deps ti=<TaskInstance: extract.save_to_mysql scheduled__2025-05-01T00:00:00+00:00 [queued]>
[2025-05-02T11:57:37.189+0000] {taskinstance.py:1331} INFO - Starting attempt 1 of 2
[2025-05-02T11:57:37.238+0000] {taskinstance.py:1350} INFO - Executing <Task(PythonOperator): save_to_mysql> on 2025-05-01 00:00:00+00:00
[2025-05-02T11:57:37.261+0000] {standard_task_runner.py:57} INFO - Started process 382 to run task
[2025-05-02T11:57:37.269+0000] {standard_task_runner.py:84} INFO - Running: ['airflow', 'tasks', 'run', 'extract', 'save_to_mysql', 'scheduled__2025-05-01T00:00:00+00:00', '--job-id', '7', '--raw', '--subdir', 'DAGS_FOLDER/extract.py', '--cfg-path', '/tmp/tmpn6jml1s_']
[2025-05-02T11:57:37.272+0000] {standard_task_runner.py:85} INFO - Job 7: Subtask save_to_mysql
[2025-05-02T11:57:37.393+0000] {task_command.py:410} INFO - Running <TaskInstance: extract.save_to_mysql scheduled__2025-05-01T00:00:00+00:00 [running]> on host 5ef5254413d3
[2025-05-02T11:57:37.556+0000] {taskinstance.py:1570} INFO - Exporting env vars: AIRFLOW_CTX_DAG_OWNER='airflow' AIRFLOW_CTX_DAG_ID='extract' AIRFLOW_CTX_TASK_ID='save_to_mysql' AIRFLOW_CTX_EXECUTION_DATE='2025-05-01T00:00:00+00:00' AIRFLOW_CTX_TRY_NUMBER='1' AIRFLOW_CTX_DAG_RUN_ID='scheduled__2025-05-01T00:00:00+00:00'
[2025-05-02T11:57:37.594+0000] {taskinstance.py:1847} ERROR - Task failed with exception
Traceback (most recent call last):
  File "/home/airflow/.local/lib/python3.7/site-packages/pymysql/connections.py", line 650, in connect
    (self.host, self.port), self.connect_timeout, **kwargs
  File "/usr/local/lib/python3.7/socket.py", line 728, in create_connection
    raise err
  File "/usr/local/lib/python3.7/socket.py", line 716, in create_connection
    sock.connect(sa)
ConnectionRefusedError: [Errno 111] Connection refused

During handling of the above exception, another exception occurred:

Traceback (most recent call last):
  File "/home/airflow/.local/lib/python3.7/site-packages/airflow/operators/python.py", line 181, in execute
    return_value = self.execute_callable()
  File "/home/airflow/.local/lib/python3.7/site-packages/airflow/operators/python.py", line 198, in execute_callable
    return self.python_callable(*self.op_args, **self.op_kwargs)
  File "/opt/airflow/dags/extract.py", line 100, in save_to_mysql
    port=3306
  File "/home/airflow/.local/lib/python3.7/site-packages/pymysql/connections.py", line 361, in __init__
    self.connect()
  File "/home/airflow/.local/lib/python3.7/site-packages/pymysql/connections.py", line 716, in connect
    raise exc
pymysql.err.OperationalError: (2003, "Can't connect to MySQL server on 'localhost' ([Errno 111] Connection refused)")
[2025-05-02T11:57:37.617+0000] {taskinstance.py:1373} INFO - Marking task as UP_FOR_RETRY. dag_id=extract, task_id=save_to_mysql, execution_date=20250501T000000, start_date=20250502T115737, end_date=20250502T115737
[2025-05-02T11:57:37.645+0000] {standard_task_runner.py:109} ERROR - Failed to execute job 7 for task save_to_mysql ((2003, "Can't connect to MySQL server on 'localhost' ([Errno 111] Connection refused)"); 382)
[2025-05-02T11:57:37.683+0000] {local_task_job_runner.py:232} INFO - Task exited with return code 1
[2025-05-02T11:57:37.717+0000] {taskinstance.py:2674} INFO - 0 downstream tasks scheduled from follow-on schedule check
[2025-05-02T12:03:05.636+0000] {taskinstance.py:1125} INFO - Dependencies all met for dep_context=non-requeueable deps ti=<TaskInstance: extract.save_to_mysql scheduled__2025-05-01T00:00:00+00:00 [queued]>
[2025-05-02T12:03:05.660+0000] {taskinstance.py:1125} INFO - Dependencies all met for dep_context=requeueable deps ti=<TaskInstance: extract.save_to_mysql scheduled__2025-05-01T00:00:00+00:00 [queued]>
[2025-05-02T12:03:05.660+0000] {taskinstance.py:1331} INFO - Starting attempt 1 of 2
[2025-05-02T12:03:05.699+0000] {taskinstance.py:1350} INFO - Executing <Task(PythonOperator): save_to_mysql> on 2025-05-01 00:00:00+00:00
[2025-05-02T12:03:05.731+0000] {standard_task_runner.py:57} INFO - Started process 341 to run task
[2025-05-02T12:03:05.754+0000] {standard_task_runner.py:84} INFO - Running: ['airflow', 'tasks', 'run', 'extract', 'save_to_mysql', 'scheduled__2025-05-01T00:00:00+00:00', '--job-id', '7', '--raw', '--subdir', 'DAGS_FOLDER/extract.py', '--cfg-path', '/tmp/tmptfcsyvpl']
[2025-05-02T12:03:05.772+0000] {standard_task_runner.py:85} INFO - Job 7: Subtask save_to_mysql
[2025-05-02T12:03:06.170+0000] {task_command.py:410} INFO - Running <TaskInstance: extract.save_to_mysql scheduled__2025-05-01T00:00:00+00:00 [running]> on host 6b457f2a8be2
[2025-05-02T12:03:06.556+0000] {taskinstance.py:1570} INFO - Exporting env vars: AIRFLOW_CTX_DAG_OWNER='airflow' AIRFLOW_CTX_DAG_ID='extract' AIRFLOW_CTX_TASK_ID='save_to_mysql' AIRFLOW_CTX_EXECUTION_DATE='2025-05-01T00:00:00+00:00' AIRFLOW_CTX_TRY_NUMBER='1' AIRFLOW_CTX_DAG_RUN_ID='scheduled__2025-05-01T00:00:00+00:00'
[2025-05-02T12:03:06.645+0000] {taskinstance.py:1847} ERROR - Task failed with exception
Traceback (most recent call last):
  File "/home/airflow/.local/lib/python3.7/site-packages/pymysql/connections.py", line 650, in connect
    (self.host, self.port), self.connect_timeout, **kwargs
  File "/usr/local/lib/python3.7/socket.py", line 728, in create_connection
    raise err
  File "/usr/local/lib/python3.7/socket.py", line 716, in create_connection
    sock.connect(sa)
ConnectionRefusedError: [Errno 111] Connection refused

During handling of the above exception, another exception occurred:

Traceback (most recent call last):
  File "/home/airflow/.local/lib/python3.7/site-packages/airflow/operators/python.py", line 181, in execute
    return_value = self.execute_callable()
  File "/home/airflow/.local/lib/python3.7/site-packages/airflow/operators/python.py", line 198, in execute_callable
    return self.python_callable(*self.op_args, **self.op_kwargs)
  File "/opt/airflow/dags/extract.py", line 100, in save_to_mysql
    port=3306
  File "/home/airflow/.local/lib/python3.7/site-packages/pymysql/connections.py", line 361, in __init__
    self.connect()
  File "/home/airflow/.local/lib/python3.7/site-packages/pymysql/connections.py", line 716, in connect
    raise exc
pymysql.err.OperationalError: (2003, "Can't connect to MySQL server on 'localhost' ([Errno 111] Connection refused)")
[2025-05-02T12:03:06.677+0000] {taskinstance.py:1373} INFO - Marking task as UP_FOR_RETRY. dag_id=extract, task_id=save_to_mysql, execution_date=20250501T000000, start_date=20250502T120305, end_date=20250502T120306
[2025-05-02T12:03:06.737+0000] {standard_task_runner.py:109} ERROR - Failed to execute job 7 for task save_to_mysql ((2003, "Can't connect to MySQL server on 'localhost' ([Errno 111] Connection refused)"); 341)
[2025-05-02T12:03:06.775+0000] {local_task_job_runner.py:232} INFO - Task exited with return code 1
[2025-05-02T12:03:06.811+0000] {taskinstance.py:2674} INFO - 0 downstream tasks scheduled from follow-on schedule check
[2025-05-02T12:17:26.048+0000] {taskinstance.py:1125} INFO - Dependencies all met for dep_context=non-requeueable deps ti=<TaskInstance: extract.save_to_mysql scheduled__2025-05-01T00:00:00+00:00 [queued]>
[2025-05-02T12:17:26.078+0000] {taskinstance.py:1125} INFO - Dependencies all met for dep_context=requeueable deps ti=<TaskInstance: extract.save_to_mysql scheduled__2025-05-01T00:00:00+00:00 [queued]>
[2025-05-02T12:17:26.079+0000] {taskinstance.py:1331} INFO - Starting attempt 1 of 2
[2025-05-02T12:17:26.134+0000] {taskinstance.py:1350} INFO - Executing <Task(PythonOperator): save_to_mysql> on 2025-05-01 00:00:00+00:00
[2025-05-02T12:17:26.151+0000] {standard_task_runner.py:57} INFO - Started process 415 to run task
[2025-05-02T12:17:26.159+0000] {standard_task_runner.py:84} INFO - Running: ['airflow', 'tasks', 'run', 'extract', 'save_to_mysql', 'scheduled__2025-05-01T00:00:00+00:00', '--job-id', '6', '--raw', '--subdir', 'DAGS_FOLDER/extract.py', '--cfg-path', '/tmp/tmp8t5omol7']
[2025-05-02T12:17:26.165+0000] {standard_task_runner.py:85} INFO - Job 6: Subtask save_to_mysql
[2025-05-02T12:17:26.353+0000] {task_command.py:410} INFO - Running <TaskInstance: extract.save_to_mysql scheduled__2025-05-01T00:00:00+00:00 [running]> on host c801b3fc66e3
[2025-05-02T12:17:26.689+0000] {taskinstance.py:1570} INFO - Exporting env vars: AIRFLOW_CTX_DAG_OWNER='airflow' AIRFLOW_CTX_DAG_ID='extract' AIRFLOW_CTX_TASK_ID='save_to_mysql' AIRFLOW_CTX_EXECUTION_DATE='2025-05-01T00:00:00+00:00' AIRFLOW_CTX_TRY_NUMBER='1' AIRFLOW_CTX_DAG_RUN_ID='scheduled__2025-05-01T00:00:00+00:00'
[2025-05-02T12:17:27.252+0000] {extract.py:140} INFO - Données insérées dans la table analyse_donnees_20250502_121726.
[2025-05-02T12:17:27.254+0000] {python.py:183} INFO - Done. Returned value was: None
[2025-05-02T12:17:27.292+0000] {taskinstance.py:1373} INFO - Marking task as SUCCESS. dag_id=extract, task_id=save_to_mysql, execution_date=20250501T000000, start_date=20250502T121726, end_date=20250502T121727
[2025-05-02T12:17:27.418+0000] {local_task_job_runner.py:232} INFO - Task exited with return code 0
[2025-05-02T12:17:27.502+0000] {taskinstance.py:2674} INFO - 0 downstream tasks scheduled from follow-on schedule check
