[2025-05-02T09:18:39.406+0000] {taskinstance.py:1125} INFO - Dependencies all met for dep_context=non-requeueable deps ti=<TaskInstance: extract.extract_google_analytics_data scheduled__2025-05-01T00:00:00+00:00 [queued]>
[2025-05-02T09:18:39.537+0000] {taskinstance.py:1125} INFO - Dependencies all met for dep_context=requeueable deps ti=<TaskInstance: extract.extract_google_analytics_data scheduled__2025-05-01T00:00:00+00:00 [queued]>
[2025-05-02T09:18:39.539+0000] {taskinstance.py:1331} INFO - Starting attempt 1 of 2
[2025-05-02T09:18:39.652+0000] {taskinstance.py:1350} INFO - Executing <Task(PythonOperator): extract_google_analytics_data> on 2025-05-01 00:00:00+00:00
[2025-05-02T09:18:39.748+0000] {standard_task_runner.py:57} INFO - Started process 591 to run task
[2025-05-02T09:18:40.038+0000] {standard_task_runner.py:84} INFO - Running: ['airflow', 'tasks', 'run', 'extract', 'extract_google_analytics_data', 'scheduled__2025-05-01T00:00:00+00:00', '--job-id', '6', '--raw', '--subdir', 'DAGS_FOLDER/extract.py', '--cfg-path', '/tmp/tmped_5z57z']
[2025-05-02T09:18:40.064+0000] {standard_task_runner.py:85} INFO - Job 6: Subtask extract_google_analytics_data
[2025-05-02T09:18:40.934+0000] {task_command.py:410} INFO - Running <TaskInstance: extract.extract_google_analytics_data scheduled__2025-05-01T00:00:00+00:00 [running]> on host 41174c179371
[2025-05-02T09:18:42.138+0000] {taskinstance.py:1570} INFO - Exporting env vars: AIRFLOW_CTX_DAG_OWNER='airflow' AIRFLOW_CTX_DAG_ID='extract' AIRFLOW_CTX_TASK_ID='extract_google_analytics_data' AIRFLOW_CTX_EXECUTION_DATE='2025-05-01T00:00:00+00:00' AIRFLOW_CTX_TRY_NUMBER='1' AIRFLOW_CTX_DAG_RUN_ID='scheduled__2025-05-01T00:00:00+00:00'
[2025-05-02T09:18:43.638+0000] {__init__.py:48} WARNING - file_cache is unavailable when using oauth2client >= 4.0.0 or google-auth
Traceback (most recent call last):
  File "/home/airflow/.local/lib/python3.7/site-packages/googleapiclient/discovery_cache/file_cache.py", line 33, in <module>
    from oauth2client.contrib.locked_file import LockedFile
ModuleNotFoundError: No module named 'oauth2client'

During handling of the above exception, another exception occurred:

Traceback (most recent call last):
  File "/home/airflow/.local/lib/python3.7/site-packages/googleapiclient/discovery_cache/file_cache.py", line 37, in <module>
    from oauth2client.locked_file import LockedFile
ModuleNotFoundError: No module named 'oauth2client'

During handling of the above exception, another exception occurred:

Traceback (most recent call last):
  File "/home/airflow/.local/lib/python3.7/site-packages/googleapiclient/discovery_cache/__init__.py", line 44, in autodetect
    from . import file_cache
  File "/home/airflow/.local/lib/python3.7/site-packages/googleapiclient/discovery_cache/file_cache.py", line 41, in <module>
    "file_cache is unavailable when using oauth2client >= 4.0.0 or google-auth"
ImportError: file_cache is unavailable when using oauth2client >= 4.0.0 or google-auth
[2025-05-02T09:18:44.390+0000] {__init__.py:48} WARNING - file_cache is unavailable when using oauth2client >= 4.0.0 or google-auth
Traceback (most recent call last):
  File "/home/airflow/.local/lib/python3.7/site-packages/googleapiclient/discovery_cache/file_cache.py", line 33, in <module>
    from oauth2client.contrib.locked_file import LockedFile
ModuleNotFoundError: No module named 'oauth2client'

During handling of the above exception, another exception occurred:

Traceback (most recent call last):
  File "/home/airflow/.local/lib/python3.7/site-packages/googleapiclient/discovery_cache/file_cache.py", line 37, in <module>
    from oauth2client.locked_file import LockedFile
ModuleNotFoundError: No module named 'oauth2client'

During handling of the above exception, another exception occurred:

Traceback (most recent call last):
  File "/home/airflow/.local/lib/python3.7/site-packages/googleapiclient/discovery_cache/__init__.py", line 44, in autodetect
    from . import file_cache
  File "/home/airflow/.local/lib/python3.7/site-packages/googleapiclient/discovery_cache/file_cache.py", line 41, in <module>
    "file_cache is unavailable when using oauth2client >= 4.0.0 or google-auth"
ImportError: file_cache is unavailable when using oauth2client >= 4.0.0 or google-auth
[2025-05-02T09:18:44.747+0000] {extract.py:31} INFO - Début de l'extraction des données Google Analytics.
[2025-05-02T09:18:45.655+0000] {extract.py:62} INFO - Données exportées vers /opt/airflow/data/extraction_donnees_site.csv
[2025-05-02T09:18:45.659+0000] {python.py:183} INFO - Done. Returned value was: None
[2025-05-02T09:18:45.727+0000] {taskinstance.py:1373} INFO - Marking task as SUCCESS. dag_id=extract, task_id=extract_google_analytics_data, execution_date=20250501T000000, start_date=20250502T091839, end_date=20250502T091845
[2025-05-02T09:18:46.047+0000] {local_task_job_runner.py:232} INFO - Task exited with return code 0
[2025-05-02T09:18:46.152+0000] {taskinstance.py:2674} INFO - 0 downstream tasks scheduled from follow-on schedule check
[2025-05-02T11:57:27.586+0000] {taskinstance.py:1125} INFO - Dependencies all met for dep_context=non-requeueable deps ti=<TaskInstance: extract.extract_google_analytics_data scheduled__2025-05-01T00:00:00+00:00 [queued]>
[2025-05-02T11:57:27.609+0000] {taskinstance.py:1125} INFO - Dependencies all met for dep_context=requeueable deps ti=<TaskInstance: extract.extract_google_analytics_data scheduled__2025-05-01T00:00:00+00:00 [queued]>
[2025-05-02T11:57:27.610+0000] {taskinstance.py:1331} INFO - Starting attempt 1 of 2
[2025-05-02T11:57:27.646+0000] {taskinstance.py:1350} INFO - Executing <Task(PythonOperator): extract_google_analytics_data> on 2025-05-01 00:00:00+00:00
[2025-05-02T11:57:27.660+0000] {standard_task_runner.py:57} INFO - Started process 325 to run task
[2025-05-02T11:57:27.666+0000] {standard_task_runner.py:84} INFO - Running: ['airflow', 'tasks', 'run', 'extract', 'extract_google_analytics_data', 'scheduled__2025-05-01T00:00:00+00:00', '--job-id', '2', '--raw', '--subdir', 'DAGS_FOLDER/extract.py', '--cfg-path', '/tmp/tmplfjiht1i']
[2025-05-02T11:57:27.671+0000] {standard_task_runner.py:85} INFO - Job 2: Subtask extract_google_analytics_data
[2025-05-02T11:57:27.800+0000] {task_command.py:410} INFO - Running <TaskInstance: extract.extract_google_analytics_data scheduled__2025-05-01T00:00:00+00:00 [running]> on host 5ef5254413d3
[2025-05-02T11:57:28.070+0000] {taskinstance.py:1570} INFO - Exporting env vars: AIRFLOW_CTX_DAG_OWNER='airflow' AIRFLOW_CTX_DAG_ID='extract' AIRFLOW_CTX_TASK_ID='extract_google_analytics_data' AIRFLOW_CTX_EXECUTION_DATE='2025-05-01T00:00:00+00:00' AIRFLOW_CTX_TRY_NUMBER='1' AIRFLOW_CTX_DAG_RUN_ID='scheduled__2025-05-01T00:00:00+00:00'
[2025-05-02T11:57:28.196+0000] {__init__.py:48} WARNING - file_cache is unavailable when using oauth2client >= 4.0.0 or google-auth
Traceback (most recent call last):
  File "/home/airflow/.local/lib/python3.7/site-packages/googleapiclient/discovery_cache/file_cache.py", line 33, in <module>
    from oauth2client.contrib.locked_file import LockedFile
ModuleNotFoundError: No module named 'oauth2client'

During handling of the above exception, another exception occurred:

Traceback (most recent call last):
  File "/home/airflow/.local/lib/python3.7/site-packages/googleapiclient/discovery_cache/file_cache.py", line 37, in <module>
    from oauth2client.locked_file import LockedFile
ModuleNotFoundError: No module named 'oauth2client'

During handling of the above exception, another exception occurred:

Traceback (most recent call last):
  File "/home/airflow/.local/lib/python3.7/site-packages/googleapiclient/discovery_cache/__init__.py", line 44, in autodetect
    from . import file_cache
  File "/home/airflow/.local/lib/python3.7/site-packages/googleapiclient/discovery_cache/file_cache.py", line 41, in <module>
    "file_cache is unavailable when using oauth2client >= 4.0.0 or google-auth"
ImportError: file_cache is unavailable when using oauth2client >= 4.0.0 or google-auth
[2025-05-02T11:57:28.655+0000] {__init__.py:48} WARNING - file_cache is unavailable when using oauth2client >= 4.0.0 or google-auth
Traceback (most recent call last):
  File "/home/airflow/.local/lib/python3.7/site-packages/googleapiclient/discovery_cache/file_cache.py", line 33, in <module>
    from oauth2client.contrib.locked_file import LockedFile
ModuleNotFoundError: No module named 'oauth2client'

During handling of the above exception, another exception occurred:

Traceback (most recent call last):
  File "/home/airflow/.local/lib/python3.7/site-packages/googleapiclient/discovery_cache/file_cache.py", line 37, in <module>
    from oauth2client.locked_file import LockedFile
ModuleNotFoundError: No module named 'oauth2client'

During handling of the above exception, another exception occurred:

Traceback (most recent call last):
  File "/home/airflow/.local/lib/python3.7/site-packages/googleapiclient/discovery_cache/__init__.py", line 44, in autodetect
    from . import file_cache
  File "/home/airflow/.local/lib/python3.7/site-packages/googleapiclient/discovery_cache/file_cache.py", line 41, in <module>
    "file_cache is unavailable when using oauth2client >= 4.0.0 or google-auth"
ImportError: file_cache is unavailable when using oauth2client >= 4.0.0 or google-auth
[2025-05-02T11:57:28.904+0000] {extract.py:31} INFO - Début de l'extraction des données Google Analytics.
[2025-05-02T11:57:29.251+0000] {extract.py:62} INFO - Données exportées vers /opt/airflow/data/extraction_donnees_site.csv
[2025-05-02T11:57:29.252+0000] {python.py:183} INFO - Done. Returned value was: None
[2025-05-02T11:57:29.275+0000] {taskinstance.py:1373} INFO - Marking task as SUCCESS. dag_id=extract, task_id=extract_google_analytics_data, execution_date=20250501T000000, start_date=20250502T115727, end_date=20250502T115729
[2025-05-02T11:57:29.376+0000] {local_task_job_runner.py:232} INFO - Task exited with return code 0
[2025-05-02T11:57:29.464+0000] {taskinstance.py:2674} INFO - 1 downstream tasks scheduled from follow-on schedule check
[2025-05-02T12:02:58.307+0000] {taskinstance.py:1125} INFO - Dependencies all met for dep_context=non-requeueable deps ti=<TaskInstance: extract.extract_google_analytics_data scheduled__2025-05-01T00:00:00+00:00 [queued]>
[2025-05-02T12:02:58.352+0000] {taskinstance.py:1125} INFO - Dependencies all met for dep_context=requeueable deps ti=<TaskInstance: extract.extract_google_analytics_data scheduled__2025-05-01T00:00:00+00:00 [queued]>
[2025-05-02T12:02:58.354+0000] {taskinstance.py:1331} INFO - Starting attempt 1 of 2
[2025-05-02T12:02:58.431+0000] {taskinstance.py:1350} INFO - Executing <Task(PythonOperator): extract_google_analytics_data> on 2025-05-01 00:00:00+00:00
[2025-05-02T12:02:58.490+0000] {standard_task_runner.py:57} INFO - Started process 258 to run task
[2025-05-02T12:02:58.553+0000] {standard_task_runner.py:84} INFO - Running: ['airflow', 'tasks', 'run', 'extract', 'extract_google_analytics_data', 'scheduled__2025-05-01T00:00:00+00:00', '--job-id', '3', '--raw', '--subdir', 'DAGS_FOLDER/extract.py', '--cfg-path', '/tmp/tmpzdsmeyep']
[2025-05-02T12:02:58.565+0000] {standard_task_runner.py:85} INFO - Job 3: Subtask extract_google_analytics_data
[2025-05-02T12:02:58.910+0000] {task_command.py:410} INFO - Running <TaskInstance: extract.extract_google_analytics_data scheduled__2025-05-01T00:00:00+00:00 [running]> on host 6b457f2a8be2
[2025-05-02T12:02:59.318+0000] {taskinstance.py:1570} INFO - Exporting env vars: AIRFLOW_CTX_DAG_OWNER='airflow' AIRFLOW_CTX_DAG_ID='extract' AIRFLOW_CTX_TASK_ID='extract_google_analytics_data' AIRFLOW_CTX_EXECUTION_DATE='2025-05-01T00:00:00+00:00' AIRFLOW_CTX_TRY_NUMBER='1' AIRFLOW_CTX_DAG_RUN_ID='scheduled__2025-05-01T00:00:00+00:00'
[2025-05-02T12:02:59.508+0000] {__init__.py:48} WARNING - file_cache is unavailable when using oauth2client >= 4.0.0 or google-auth
Traceback (most recent call last):
  File "/home/airflow/.local/lib/python3.7/site-packages/googleapiclient/discovery_cache/file_cache.py", line 33, in <module>
    from oauth2client.contrib.locked_file import LockedFile
ModuleNotFoundError: No module named 'oauth2client'

During handling of the above exception, another exception occurred:

Traceback (most recent call last):
  File "/home/airflow/.local/lib/python3.7/site-packages/googleapiclient/discovery_cache/file_cache.py", line 37, in <module>
    from oauth2client.locked_file import LockedFile
ModuleNotFoundError: No module named 'oauth2client'

During handling of the above exception, another exception occurred:

Traceback (most recent call last):
  File "/home/airflow/.local/lib/python3.7/site-packages/googleapiclient/discovery_cache/__init__.py", line 44, in autodetect
    from . import file_cache
  File "/home/airflow/.local/lib/python3.7/site-packages/googleapiclient/discovery_cache/file_cache.py", line 41, in <module>
    "file_cache is unavailable when using oauth2client >= 4.0.0 or google-auth"
ImportError: file_cache is unavailable when using oauth2client >= 4.0.0 or google-auth
[2025-05-02T12:02:59.980+0000] {__init__.py:48} WARNING - file_cache is unavailable when using oauth2client >= 4.0.0 or google-auth
Traceback (most recent call last):
  File "/home/airflow/.local/lib/python3.7/site-packages/googleapiclient/discovery_cache/file_cache.py", line 33, in <module>
    from oauth2client.contrib.locked_file import LockedFile
ModuleNotFoundError: No module named 'oauth2client'

During handling of the above exception, another exception occurred:

Traceback (most recent call last):
  File "/home/airflow/.local/lib/python3.7/site-packages/googleapiclient/discovery_cache/file_cache.py", line 37, in <module>
    from oauth2client.locked_file import LockedFile
ModuleNotFoundError: No module named 'oauth2client'

During handling of the above exception, another exception occurred:

Traceback (most recent call last):
  File "/home/airflow/.local/lib/python3.7/site-packages/googleapiclient/discovery_cache/__init__.py", line 44, in autodetect
    from . import file_cache
  File "/home/airflow/.local/lib/python3.7/site-packages/googleapiclient/discovery_cache/file_cache.py", line 41, in <module>
    "file_cache is unavailable when using oauth2client >= 4.0.0 or google-auth"
ImportError: file_cache is unavailable when using oauth2client >= 4.0.0 or google-auth
[2025-05-02T12:03:00.250+0000] {extract.py:31} INFO - Début de l'extraction des données Google Analytics.
[2025-05-02T12:03:00.665+0000] {extract.py:62} INFO - Données exportées vers /opt/airflow/data/extraction_donnees_site.csv
[2025-05-02T12:03:00.666+0000] {python.py:183} INFO - Done. Returned value was: None
[2025-05-02T12:03:00.692+0000] {taskinstance.py:1373} INFO - Marking task as SUCCESS. dag_id=extract, task_id=extract_google_analytics_data, execution_date=20250501T000000, start_date=20250502T120258, end_date=20250502T120300
[2025-05-02T12:03:00.788+0000] {local_task_job_runner.py:232} INFO - Task exited with return code 0
[2025-05-02T12:03:00.850+0000] {taskinstance.py:2674} INFO - 0 downstream tasks scheduled from follow-on schedule check
[2025-05-02T12:17:12.506+0000] {taskinstance.py:1125} INFO - Dependencies all met for dep_context=non-requeueable deps ti=<TaskInstance: extract.extract_google_analytics_data scheduled__2025-05-01T00:00:00+00:00 [queued]>
[2025-05-02T12:17:12.546+0000] {taskinstance.py:1125} INFO - Dependencies all met for dep_context=requeueable deps ti=<TaskInstance: extract.extract_google_analytics_data scheduled__2025-05-01T00:00:00+00:00 [queued]>
[2025-05-02T12:17:12.548+0000] {taskinstance.py:1331} INFO - Starting attempt 1 of 2
[2025-05-02T12:17:12.611+0000] {taskinstance.py:1350} INFO - Executing <Task(PythonOperator): extract_google_analytics_data> on 2025-05-01 00:00:00+00:00
[2025-05-02T12:17:12.634+0000] {standard_task_runner.py:57} INFO - Started process 359 to run task
[2025-05-02T12:17:12.642+0000] {standard_task_runner.py:84} INFO - Running: ['airflow', 'tasks', 'run', 'extract', 'extract_google_analytics_data', 'scheduled__2025-05-01T00:00:00+00:00', '--job-id', '2', '--raw', '--subdir', 'DAGS_FOLDER/extract.py', '--cfg-path', '/tmp/tmpyp86d0ws']
[2025-05-02T12:17:12.647+0000] {standard_task_runner.py:85} INFO - Job 2: Subtask extract_google_analytics_data
[2025-05-02T12:17:12.844+0000] {task_command.py:410} INFO - Running <TaskInstance: extract.extract_google_analytics_data scheduled__2025-05-01T00:00:00+00:00 [running]> on host c801b3fc66e3
[2025-05-02T12:17:13.203+0000] {taskinstance.py:1570} INFO - Exporting env vars: AIRFLOW_CTX_DAG_OWNER='airflow' AIRFLOW_CTX_DAG_ID='extract' AIRFLOW_CTX_TASK_ID='extract_google_analytics_data' AIRFLOW_CTX_EXECUTION_DATE='2025-05-01T00:00:00+00:00' AIRFLOW_CTX_TRY_NUMBER='1' AIRFLOW_CTX_DAG_RUN_ID='scheduled__2025-05-01T00:00:00+00:00'
[2025-05-02T12:17:13.412+0000] {__init__.py:48} WARNING - file_cache is unavailable when using oauth2client >= 4.0.0 or google-auth
Traceback (most recent call last):
  File "/home/airflow/.local/lib/python3.7/site-packages/googleapiclient/discovery_cache/file_cache.py", line 33, in <module>
    from oauth2client.contrib.locked_file import LockedFile
ModuleNotFoundError: No module named 'oauth2client'

During handling of the above exception, another exception occurred:

Traceback (most recent call last):
  File "/home/airflow/.local/lib/python3.7/site-packages/googleapiclient/discovery_cache/file_cache.py", line 37, in <module>
    from oauth2client.locked_file import LockedFile
ModuleNotFoundError: No module named 'oauth2client'

During handling of the above exception, another exception occurred:

Traceback (most recent call last):
  File "/home/airflow/.local/lib/python3.7/site-packages/googleapiclient/discovery_cache/__init__.py", line 44, in autodetect
    from . import file_cache
  File "/home/airflow/.local/lib/python3.7/site-packages/googleapiclient/discovery_cache/file_cache.py", line 41, in <module>
    "file_cache is unavailable when using oauth2client >= 4.0.0 or google-auth"
ImportError: file_cache is unavailable when using oauth2client >= 4.0.0 or google-auth
[2025-05-02T12:17:13.927+0000] {__init__.py:48} WARNING - file_cache is unavailable when using oauth2client >= 4.0.0 or google-auth
Traceback (most recent call last):
  File "/home/airflow/.local/lib/python3.7/site-packages/googleapiclient/discovery_cache/file_cache.py", line 33, in <module>
    from oauth2client.contrib.locked_file import LockedFile
ModuleNotFoundError: No module named 'oauth2client'

During handling of the above exception, another exception occurred:

Traceback (most recent call last):
  File "/home/airflow/.local/lib/python3.7/site-packages/googleapiclient/discovery_cache/file_cache.py", line 37, in <module>
    from oauth2client.locked_file import LockedFile
ModuleNotFoundError: No module named 'oauth2client'

During handling of the above exception, another exception occurred:

Traceback (most recent call last):
  File "/home/airflow/.local/lib/python3.7/site-packages/googleapiclient/discovery_cache/__init__.py", line 44, in autodetect
    from . import file_cache
  File "/home/airflow/.local/lib/python3.7/site-packages/googleapiclient/discovery_cache/file_cache.py", line 41, in <module>
    "file_cache is unavailable when using oauth2client >= 4.0.0 or google-auth"
ImportError: file_cache is unavailable when using oauth2client >= 4.0.0 or google-auth
[2025-05-02T12:17:14.236+0000] {extract.py:31} INFO - Début de l'extraction des données Google Analytics.
[2025-05-02T12:17:14.668+0000] {extract.py:62} INFO - Données exportées vers /opt/airflow/data/extraction_donnees_site.csv
[2025-05-02T12:17:14.670+0000] {python.py:183} INFO - Done. Returned value was: None
[2025-05-02T12:17:14.701+0000] {taskinstance.py:1373} INFO - Marking task as SUCCESS. dag_id=extract, task_id=extract_google_analytics_data, execution_date=20250501T000000, start_date=20250502T121712, end_date=20250502T121714
[2025-05-02T12:17:14.829+0000] {local_task_job_runner.py:232} INFO - Task exited with return code 0
[2025-05-02T12:17:14.936+0000] {taskinstance.py:2674} INFO - 1 downstream tasks scheduled from follow-on schedule check
