[2025-05-02T11:57:33.933+0000] {taskinstance.py:1125} INFO - Dependencies all met for dep_context=non-requeueable deps ti=<TaskInstance: extract.fusion_donnees scheduled__2025-05-01T00:00:00+00:00 [queued]>
[2025-05-02T11:57:33.951+0000] {taskinstance.py:1125} INFO - Dependencies all met for dep_context=requeueable deps ti=<TaskInstance: extract.fusion_donnees scheduled__2025-05-01T00:00:00+00:00 [queued]>
[2025-05-02T11:57:33.952+0000] {taskinstance.py:1331} INFO - Starting attempt 1 of 2
[2025-05-02T11:57:33.994+0000] {taskinstance.py:1350} INFO - Executing <Task(PythonOperator): fusion_donnees> on 2025-05-01 00:00:00+00:00
[2025-05-02T11:57:34.011+0000] {standard_task_runner.py:57} INFO - Started process 354 to run task
[2025-05-02T11:57:34.023+0000] {standard_task_runner.py:84} INFO - Running: ['airflow', 'tasks', 'run', 'extract', 'fusion_donnees', 'scheduled__2025-05-01T00:00:00+00:00', '--job-id', '5', '--raw', '--subdir', 'DAGS_FOLDER/extract.py', '--cfg-path', '/tmp/tmpa1uoxc87']
[2025-05-02T11:57:34.040+0000] {standard_task_runner.py:85} INFO - Job 5: Subtask fusion_donnees
[2025-05-02T11:57:34.220+0000] {task_command.py:410} INFO - Running <TaskInstance: extract.fusion_donnees scheduled__2025-05-01T00:00:00+00:00 [running]> on host 5ef5254413d3
[2025-05-02T11:57:34.394+0000] {taskinstance.py:1570} INFO - Exporting env vars: AIRFLOW_CTX_DAG_OWNER='airflow' AIRFLOW_CTX_DAG_ID='extract' AIRFLOW_CTX_TASK_ID='fusion_donnees' AIRFLOW_CTX_EXECUTION_DATE='2025-05-01T00:00:00+00:00' AIRFLOW_CTX_TRY_NUMBER='1' AIRFLOW_CTX_DAG_RUN_ID='scheduled__2025-05-01T00:00:00+00:00'
[2025-05-02T11:57:34.503+0000] {extract.py:89} INFO - Fusion terminée, données enregistrées dans /opt/airflow/data/donnees_fusionnees_test.csv
[2025-05-02T11:57:34.504+0000] {python.py:183} INFO - Done. Returned value was: None
[2025-05-02T11:57:34.523+0000] {taskinstance.py:1373} INFO - Marking task as SUCCESS. dag_id=extract, task_id=fusion_donnees, execution_date=20250501T000000, start_date=20250502T115733, end_date=20250502T115734
[2025-05-02T11:57:34.596+0000] {local_task_job_runner.py:232} INFO - Task exited with return code 0
[2025-05-02T11:57:34.652+0000] {taskinstance.py:2674} INFO - 1 downstream tasks scheduled from follow-on schedule check
[2025-05-02T12:03:02.994+0000] {taskinstance.py:1125} INFO - Dependencies all met for dep_context=non-requeueable deps ti=<TaskInstance: extract.fusion_donnees scheduled__2025-05-01T00:00:00+00:00 [queued]>
[2025-05-02T12:03:03.016+0000] {taskinstance.py:1125} INFO - Dependencies all met for dep_context=requeueable deps ti=<TaskInstance: extract.fusion_donnees scheduled__2025-05-01T00:00:00+00:00 [queued]>
[2025-05-02T12:03:03.016+0000] {taskinstance.py:1331} INFO - Starting attempt 1 of 2
[2025-05-02T12:03:03.053+0000] {taskinstance.py:1350} INFO - Executing <Task(PythonOperator): fusion_donnees> on 2025-05-01 00:00:00+00:00
[2025-05-02T12:03:03.071+0000] {standard_task_runner.py:57} INFO - Started process 286 to run task
[2025-05-02T12:03:03.077+0000] {standard_task_runner.py:84} INFO - Running: ['airflow', 'tasks', 'run', 'extract', 'fusion_donnees', 'scheduled__2025-05-01T00:00:00+00:00', '--job-id', '4', '--raw', '--subdir', 'DAGS_FOLDER/extract.py', '--cfg-path', '/tmp/tmp9ps280ec']
[2025-05-02T12:03:03.080+0000] {standard_task_runner.py:85} INFO - Job 4: Subtask fusion_donnees
[2025-05-02T12:03:03.177+0000] {task_command.py:410} INFO - Running <TaskInstance: extract.fusion_donnees scheduled__2025-05-01T00:00:00+00:00 [running]> on host 6b457f2a8be2
[2025-05-02T12:03:03.345+0000] {taskinstance.py:1570} INFO - Exporting env vars: AIRFLOW_CTX_DAG_OWNER='airflow' AIRFLOW_CTX_DAG_ID='extract' AIRFLOW_CTX_TASK_ID='fusion_donnees' AIRFLOW_CTX_EXECUTION_DATE='2025-05-01T00:00:00+00:00' AIRFLOW_CTX_TRY_NUMBER='1' AIRFLOW_CTX_DAG_RUN_ID='scheduled__2025-05-01T00:00:00+00:00'
[2025-05-02T12:03:03.528+0000] {extract.py:89} INFO - Fusion terminée, données enregistrées dans /opt/airflow/data/donnees_fusionnees_test.csv
[2025-05-02T12:03:03.529+0000] {python.py:183} INFO - Done. Returned value was: None
[2025-05-02T12:03:03.551+0000] {taskinstance.py:1373} INFO - Marking task as SUCCESS. dag_id=extract, task_id=fusion_donnees, execution_date=20250501T000000, start_date=20250502T120302, end_date=20250502T120303
[2025-05-02T12:03:03.651+0000] {local_task_job_runner.py:232} INFO - Task exited with return code 0
[2025-05-02T12:03:03.689+0000] {taskinstance.py:2674} INFO - 0 downstream tasks scheduled from follow-on schedule check
[2025-05-02T12:17:20.421+0000] {taskinstance.py:1125} INFO - Dependencies all met for dep_context=non-requeueable deps ti=<TaskInstance: extract.fusion_donnees scheduled__2025-05-01T00:00:00+00:00 [queued]>
[2025-05-02T12:17:20.456+0000] {taskinstance.py:1125} INFO - Dependencies all met for dep_context=requeueable deps ti=<TaskInstance: extract.fusion_donnees scheduled__2025-05-01T00:00:00+00:00 [queued]>
[2025-05-02T12:17:20.458+0000] {taskinstance.py:1331} INFO - Starting attempt 1 of 2
[2025-05-02T12:17:20.524+0000] {taskinstance.py:1350} INFO - Executing <Task(PythonOperator): fusion_donnees> on 2025-05-01 00:00:00+00:00
[2025-05-02T12:17:20.541+0000] {standard_task_runner.py:57} INFO - Started process 387 to run task
[2025-05-02T12:17:20.555+0000] {standard_task_runner.py:84} INFO - Running: ['airflow', 'tasks', 'run', 'extract', 'fusion_donnees', 'scheduled__2025-05-01T00:00:00+00:00', '--job-id', '4', '--raw', '--subdir', 'DAGS_FOLDER/extract.py', '--cfg-path', '/tmp/tmpn07y0k4u']
[2025-05-02T12:17:20.566+0000] {standard_task_runner.py:85} INFO - Job 4: Subtask fusion_donnees
[2025-05-02T12:17:20.737+0000] {task_command.py:410} INFO - Running <TaskInstance: extract.fusion_donnees scheduled__2025-05-01T00:00:00+00:00 [running]> on host c801b3fc66e3
[2025-05-02T12:17:21.286+0000] {taskinstance.py:1570} INFO - Exporting env vars: AIRFLOW_CTX_DAG_OWNER='airflow' AIRFLOW_CTX_DAG_ID='extract' AIRFLOW_CTX_TASK_ID='fusion_donnees' AIRFLOW_CTX_EXECUTION_DATE='2025-05-01T00:00:00+00:00' AIRFLOW_CTX_TRY_NUMBER='1' AIRFLOW_CTX_DAG_RUN_ID='scheduled__2025-05-01T00:00:00+00:00'
[2025-05-02T12:17:21.871+0000] {extract.py:89} INFO - Fusion terminée, données enregistrées dans /opt/airflow/data/donnees_fusionnees_test.csv
[2025-05-02T12:17:21.873+0000] {python.py:183} INFO - Done. Returned value was: None
[2025-05-02T12:17:21.930+0000] {taskinstance.py:1373} INFO - Marking task as SUCCESS. dag_id=extract, task_id=fusion_donnees, execution_date=20250501T000000, start_date=20250502T121720, end_date=20250502T121721
[2025-05-02T12:17:22.056+0000] {local_task_job_runner.py:232} INFO - Task exited with return code 0
[2025-05-02T12:17:22.128+0000] {taskinstance.py:2674} INFO - 1 downstream tasks scheduled from follow-on schedule check
