[2025-05-02T09:56:47.893+0000] {taskinstance.py:1125} INFO - Dependencies all met for dep_context=non-requeueable deps ti=<TaskInstance: extract.fusion_donnees manual__2025-05-02T09:56:31.694058+00:00 [queued]>
[2025-05-02T09:56:47.920+0000] {taskinstance.py:1125} INFO - Dependencies all met for dep_context=requeueable deps ti=<TaskInstance: extract.fusion_donnees manual__2025-05-02T09:56:31.694058+00:00 [queued]>
[2025-05-02T09:56:47.921+0000] {taskinstance.py:1331} INFO - Starting attempt 1 of 2
[2025-05-02T09:56:47.969+0000] {taskinstance.py:1350} INFO - Executing <Task(PythonOperator): fusion_donnees> on 2025-05-02 09:56:31.694058+00:00
[2025-05-02T09:56:47.985+0000] {standard_task_runner.py:57} INFO - Started process 292 to run task
[2025-05-02T09:56:47.991+0000] {standard_task_runner.py:84} INFO - Running: ['airflow', 'tasks', 'run', 'extract', 'fusion_donnees', 'manual__2025-05-02T09:56:31.694058+00:00', '--job-id', '13', '--raw', '--subdir', 'DAGS_FOLDER/extract.py', '--cfg-path', '/tmp/tmpbsl23dr2']
[2025-05-02T09:56:47.994+0000] {standard_task_runner.py:85} INFO - Job 13: Subtask fusion_donnees
[2025-05-02T09:56:48.114+0000] {task_command.py:410} INFO - Running <TaskInstance: extract.fusion_donnees manual__2025-05-02T09:56:31.694058+00:00 [running]> on host bc2b09226420
[2025-05-02T09:56:48.328+0000] {taskinstance.py:1570} INFO - Exporting env vars: AIRFLOW_CTX_DAG_OWNER='airflow' AIRFLOW_CTX_DAG_ID='extract' AIRFLOW_CTX_TASK_ID='fusion_donnees' AIRFLOW_CTX_EXECUTION_DATE='2025-05-02T09:56:31.694058+00:00' AIRFLOW_CTX_TRY_NUMBER='1' AIRFLOW_CTX_DAG_RUN_ID='manual__2025-05-02T09:56:31.694058+00:00'
[2025-05-02T09:56:48.393+0000] {taskinstance.py:1847} ERROR - Task failed with exception
Traceback (most recent call last):
  File "/home/airflow/.local/lib/python3.7/site-packages/pandas/core/tools/datetimes.py", line 509, in _to_datetime_with_format
    values, tz = conversion.datetime_to_datetime64(arg)
  File "pandas/_libs/tslibs/conversion.pyx", line 359, in pandas._libs.tslibs.conversion.datetime_to_datetime64
TypeError: Unrecognized value type: <class 'str'>

During handling of the above exception, another exception occurred:

Traceback (most recent call last):
  File "/home/airflow/.local/lib/python3.7/site-packages/airflow/operators/python.py", line 181, in execute
    return_value = self.execute_callable()
  File "/home/airflow/.local/lib/python3.7/site-packages/airflow/operators/python.py", line 198, in execute_callable
    return self.python_callable(*self.op_args, **self.op_kwargs)
  File "/opt/airflow/dags/extract.py", line 79, in merge_data
    reseaux['date'] = pd.to_datetime(reseaux['date'], format='%d/%m/%Y')
  File "/home/airflow/.local/lib/python3.7/site-packages/pandas/core/tools/datetimes.py", line 887, in to_datetime
    values = convert_listlike(arg._values, format)
  File "/home/airflow/.local/lib/python3.7/site-packages/pandas/core/tools/datetimes.py", line 394, in _convert_listlike_datetimes
    arg, orig_arg, name, tz, format, exact, errors, infer_datetime_format
  File "/home/airflow/.local/lib/python3.7/site-packages/pandas/core/tools/datetimes.py", line 513, in _to_datetime_with_format
    raise err
  File "/home/airflow/.local/lib/python3.7/site-packages/pandas/core/tools/datetimes.py", line 501, in _to_datetime_with_format
    arg, name, tz, fmt, exact, errors, infer_datetime_format
  File "/home/airflow/.local/lib/python3.7/site-packages/pandas/core/tools/datetimes.py", line 436, in _array_strptime_with_fallback
    result, timezones = array_strptime(arg, fmt, exact=exact, errors=errors)
  File "pandas/_libs/tslibs/strptime.pyx", line 150, in pandas._libs.tslibs.strptime.array_strptime
ValueError: time data '2025-01-14' does not match format '%d/%m/%Y' (match)
[2025-05-02T09:56:48.424+0000] {taskinstance.py:1373} INFO - Marking task as UP_FOR_RETRY. dag_id=extract, task_id=fusion_donnees, execution_date=20250502T095631, start_date=20250502T095647, end_date=20250502T095648
[2025-05-02T09:56:48.467+0000] {standard_task_runner.py:109} ERROR - Failed to execute job 13 for task fusion_donnees (time data '2025-01-14' does not match format '%d/%m/%Y' (match); 292)
[2025-05-02T09:56:48.526+0000] {local_task_job_runner.py:232} INFO - Task exited with return code 1
[2025-05-02T09:56:48.562+0000] {taskinstance.py:2674} INFO - 0 downstream tasks scheduled from follow-on schedule check
