[2025-05-02T11:10:56.770+0000] {taskinstance.py:1125} INFO - Dependencies all met for dep_context=non-requeueable deps ti=<TaskInstance: extract.save_to_mysql manual__2025-05-02T11:10:33.049544+00:00 [queued]>
[2025-05-02T11:10:56.790+0000] {taskinstance.py:1125} INFO - Dependencies all met for dep_context=requeueable deps ti=<TaskInstance: extract.save_to_mysql manual__2025-05-02T11:10:33.049544+00:00 [queued]>
[2025-05-02T11:10:56.791+0000] {taskinstance.py:1331} INFO - Starting attempt 1 of 2
[2025-05-02T11:10:56.829+0000] {taskinstance.py:1350} INFO - Executing <Task(PythonOperator): save_to_mysql> on 2025-05-02 11:10:33.049544+00:00
[2025-05-02T11:10:56.846+0000] {standard_task_runner.py:57} INFO - Started process 476 to run task
[2025-05-02T11:10:56.854+0000] {standard_task_runner.py:84} INFO - Running: ['airflow', 'tasks', 'run', 'extract', 'save_to_mysql', 'manual__2025-05-02T11:10:33.049544+00:00', '--job-id', '26', '--raw', '--subdir', 'DAGS_FOLDER/extract.py', '--cfg-path', '/tmp/tmpb84qd5pj']
[2025-05-02T11:10:56.861+0000] {standard_task_runner.py:85} INFO - Job 26: Subtask save_to_mysql
[2025-05-02T11:10:56.963+0000] {task_command.py:410} INFO - Running <TaskInstance: extract.save_to_mysql manual__2025-05-02T11:10:33.049544+00:00 [running]> on host d7b8f69bc56c
[2025-05-02T11:10:57.178+0000] {taskinstance.py:1570} INFO - Exporting env vars: AIRFLOW_CTX_DAG_OWNER='airflow' AIRFLOW_CTX_DAG_ID='extract' AIRFLOW_CTX_TASK_ID='save_to_mysql' AIRFLOW_CTX_EXECUTION_DATE='2025-05-02T11:10:33.049544+00:00' AIRFLOW_CTX_TRY_NUMBER='1' AIRFLOW_CTX_DAG_RUN_ID='manual__2025-05-02T11:10:33.049544+00:00'
[2025-05-02T11:10:57.294+0000] {taskinstance.py:1847} ERROR - Task failed with exception
Traceback (most recent call last):
  File "/home/airflow/.local/lib/python3.7/site-packages/airflow/operators/python.py", line 181, in execute
    return_value = self.execute_callable()
  File "/home/airflow/.local/lib/python3.7/site-packages/airflow/operators/python.py", line 198, in execute_callable
    return self.python_callable(*self.op_args, **self.op_kwargs)
  File "/opt/airflow/dags/extract.py", line 99, in save_to_mysql
    database='projet_claudie_perrigaud'
  File "/home/airflow/.local/lib/python3.7/site-packages/pymysql/connections.py", line 361, in __init__
    self.connect()
  File "/home/airflow/.local/lib/python3.7/site-packages/pymysql/connections.py", line 669, in connect
    self._request_authentication()
  File "/home/airflow/.local/lib/python3.7/site-packages/pymysql/connections.py", line 979, in _request_authentication
    auth_packet = _auth.caching_sha2_password_auth(self, auth_packet)
  File "/home/airflow/.local/lib/python3.7/site-packages/pymysql/_auth.py", line 241, in caching_sha2_password_auth
    pkt = conn._read_packet()
  File "/home/airflow/.local/lib/python3.7/site-packages/pymysql/connections.py", line 775, in _read_packet
    packet.raise_for_error()
  File "/home/airflow/.local/lib/python3.7/site-packages/pymysql/protocol.py", line 219, in raise_for_error
    err.raise_mysql_exception(self._data)
  File "/home/airflow/.local/lib/python3.7/site-packages/pymysql/err.py", line 150, in raise_mysql_exception
    raise errorclass(errno, errval)
pymysql.err.OperationalError: (1049, "Unknown database 'projet_claudie_perrigaud'")
[2025-05-02T11:10:57.338+0000] {taskinstance.py:1373} INFO - Marking task as UP_FOR_RETRY. dag_id=extract, task_id=save_to_mysql, execution_date=20250502T111033, start_date=20250502T111056, end_date=20250502T111057
[2025-05-02T11:10:57.388+0000] {standard_task_runner.py:109} ERROR - Failed to execute job 26 for task save_to_mysql ((1049, "Unknown database 'projet_claudie_perrigaud'"); 476)
[2025-05-02T11:10:57.431+0000] {local_task_job_runner.py:232} INFO - Task exited with return code 1
[2025-05-02T11:10:57.469+0000] {taskinstance.py:2674} INFO - 0 downstream tasks scheduled from follow-on schedule check
